2026-08-29 20:22:45,109 - INFO - Cannot find exposure column
2026-08-29 20:22:45,110 - INFO - No new ObsIDs available to download.
2026-08-29 20:22:45,110 - INFO - 4XMM-DR14 already downloaded, skipping
2026-08-29 20:22:45,110 - INFO - SDSS DR16 already downloaded, skipping
2026-08-29 20:23:40,913 - INFO - 0821722201: epreject failed on 3470_0821722201_PNS00311IME.FIT, continuing without it
2026-08-29 20:44:10,861 - INFO - GTI filtering done
2026-08-29 20:44:11,340 - INFO - GTI filtering done
2026-08-29 20:44:12,020 - INFO - GTI filtering done
2026-08-29 20:44:14,198 - INFO - GTI filtering done
2026-08-29 20:44:14,571 - INFO - GTI filtering done
2026-08-29 20:44:14,995 - INFO - GTI filtering done
2026-08-29 20:44:16,792 - INFO - 0821722201: 1202 raw PN counts in 0.5-8 keV source region
2026-08-29 20:44:17,397 - INFO - 0821722401: 0 raw PN counts in 0.5-8 keV source region
2026-08-29 20:44:17,397 - INFO - 0821722401: Low counts, may not fit photon index well
2026-08-29 20:44:17,397 - INFO - 0821722401: below min_counts, dropping from processing
2026-08-29 20:44:17,402 - INFO - SAS environment set: 3470_0821722201_SCX00000SUM.SAS
2026-08-29 20:44:20,793 - INFO - Found 4 contaminating sources in background annulus, excluding
2026-08-29 20:45:51,700 - INFO - Spectral processing done.
2026-08-29 20:47:59,531 - INFO - Spectral processing done.
2026-08-29 20:50:37,961 - INFO - Spectral processing done.
2026-08-29 20:50:37,961 - INFO - SAS environment set: 3470_0821722201_SCX00000SUM.SAS
2026-08-29 20:50:41,031 - INFO - Found 4 contaminating sources in background annulus, excluding
2026-08-29 20:52:44,718 - INFO - Matched catalogue already exists, skipping crossmatch
2026-08-29 20:52:44,718 - INFO - Δαox catalogue already exists, skipping
2026-08-29 20:52:46,423 - INFO - LX-LUV plot saved to /home/cananden/Documents/python/XMM-Quasar-main/Catalogues/Plots/lx_luv_standard_field_1.7.png
2026-08-29 20:52:46,952 - INFO - CIV correlation plot saved to /home/cananden/Documents/python/XMM-Quasar-main/Catalogues/Plots/civ_correlation_standard_1.7.png
2026-08-29 20:52:47,396 - INFO - Hubble diagram saved to /home/cananden/Documents/python/XMM-Quasar-main/Catalogues/Plots/hubble_diagram_standard_1.7.png
2026-08-29 20:52:47,730 - INFO - Population summary saved to /home/cananden/Documents/python/XMM-Quasar-main/Catalogues/Plots/population_summary_standard_1.7.csv
2026-08-29 20:52:47,730 - INFO - n=1539, weak=269 (17.5%), normal=1005 (65.3%), strong=265 (17.2%)
2026-08-29 20:52:49,780 - INFO - Light curve plotted.
2026-08-29 20:52:51,505 - INFO - Spectra plotted.
2026-08-29 20:52:53,013 - INFO - Combined light curve plotted.
2026-08-29 20:52:53,983 - INFO - Combined spectra plotted.
2026-08-29 20:52:54,019 - INFO - 0821722201: HR = -0.570 (-0.609, -0.534)
2026-08-29 20:52:54,019 - INFO - Hardness ratios saved to /home/cananden/Documents/python/XMM-Quasar-main/Datasets/SDSS_J212951.16_004808.8/hardness_ratios_SDSS_J212951.16_004808.8.csv
2026-08-29 20:52:54,023 - INFO - 0821722201 pn: Fvar² negative, recording as upper limit
2026-08-29 20:52:54,023 - INFO - 0821722201 pn: Fvar = 0.0000 ± 0.0249
2026-08-29 20:52:54,026 - INFO - 0821722201 mos1: Fvar² negative, recording as upper limit
2026-08-29 20:52:54,027 - INFO - 0821722201 mos1: Fvar = 0.0000 ± 0.0635
2026-08-29 20:52:54,030 - INFO - 0821722201 mos2: Fvar² negative, recording as upper limit
2026-08-29 20:52:54,030 - INFO - 0821722201 mos2: Fvar = 0.0000 ± 0.0630
2026-08-29 20:52:54,031 - INFO - Fvar saved to /home/cananden/Documents/python/XMM-Quasar-main/Datasets/SDSS_J212951.16_004808.8/fvar_SDSS_J212951.16_004808.8.csv
2026-08-29 20:52:56,907 - INFO - 0821722201 combined: Γ = 1.87 (1.81, 1.92) cstat/dof = 1054.2/1150
2026-08-29 20:52:57,245 - INFO - 0821722201 pn: Γ = 1.91 (1.84, 1.98) cstat/dof = 517.7/541
2026-08-29 20:52:58,477 - INFO - 0821722201 mos: Γ = 1.81 (1.74, 1.89) cstat/dof = 535.7/607
2026-08-29 20:52:58,506 - INFO - Spectral fits saved to /home/cananden/Documents/python/XMM-Quasar-main/Datasets/SDSS_J212951.16_004808.8/spectral_fits_SDSS_J212951.16_004808.8.csv
2026-08-29 20:52:58,634 - INFO - PG 1211+143: no match in aox_catalogue, treating as test target
2026-08-29 20:52:58,635 - INFO - PG 1211+143: test (Δαox=N/A), Γ_pn=2.583176325329844, Γ_combined=2.233567559216634, Γ_mos=2.1818071129793837, HR=-0.741575, Fvar=0.12978505
2026-08-29 20:52:58,638 - INFO - 3C 273: no match in aox_catalogue, treating as test target
2026-08-29 20:52:58,639 - INFO - 3C 273: test (Δαox=N/A), Γ_pn=1.5551376681653073, Γ_combined=1.5526388543013891, Γ_mos=1.5295478787974661, HR=-0.395233, Fvar=0.012773923
2026-08-29 20:52:58,644 - INFO - SDSS_J082619.70+314847.9: no match in aox_catalogue, treating as test target
2026-08-29 20:52:58,646 - INFO - SDSS_J082619.70+314847.9: test (Δαox=N/A), Γ_pn=5.312116443452611, Γ_combined=1.7930342713988494, Γ_mos=1.8149803263752065, HR=-0.690262, Fvar=0.0
2026-08-29 20:52:58,651 - INFO - SDSS_J102714.77+354317.4: no match in aox_catalogue, treating as test target
2026-08-29 20:52:58,652 - INFO - SDSS_J102714.77+354317.4: test (Δαox=N/A), Γ_pn=1.9936732976498657, Γ_combined=1.9446114552206262, Γ_mos=1.8896484921207444, HR=-0.618443, Fvar=0.15301137
