2026-08-31 22:16:29,645 - INFO - 4XMM-DR14 already downloaded, skipping
2026-08-31 22:16:29,645 - INFO - SDSS DR16 already downloaded, skipping
2026-08-31 22:16:29,648 - INFO - SAS environment set: 3470_0821722201_SCX00000SUM.SAS
2026-08-31 22:16:29,649 - INFO - SAS environment set: 3470_0821722401_SCX00000SUM.SAS
2026-08-31 22:16:29,650 - INFO - 0821722201: SAS already run, skipping
2026-08-31 22:16:29,650 - INFO - 0821722401: SAS already run, skipping
2026-08-31 22:16:29,651 - INFO - 0821722201: GTI filtering already done, skipping
2026-08-31 22:16:29,651 - INFO - 0821722401: GTI filtering already done, skipping
2026-08-31 22:16:31,537 - INFO - 0821722201: 1202 raw PN counts in 0.5-8 keV source region
2026-08-31 22:16:32,199 - INFO - 0821722401: 0 raw PN counts in 0.5-8 keV source region
2026-08-31 22:16:32,199 - INFO - 0821722401: Low counts, may not fit photon index well
2026-08-31 22:16:32,199 - INFO - 0821722401: below min_counts, dropping from processing
2026-08-31 22:16:32,199 - INFO - SAS environment set: 3470_0821722201_SCX00000SUM.SAS
2026-08-31 22:16:32,201 - INFO - 0821722201: spectral processing already done, skipping
2026-08-31 22:16:32,201 - INFO - SAS environment set: 3470_0821722201_SCX00000SUM.SAS
2026-08-31 22:16:32,203 - INFO - 0821722201: light curve processing already done, skipping
2026-08-31 22:16:32,203 - INFO - Matched catalogue already exists, skipping crossmatch
2026-08-31 22:16:32,203 - INFO - Δαox catalogue already exists, skipping
2026-08-31 22:16:33,944 - INFO - Light curve plotted.
2026-08-31 22:16:35,947 - INFO - Spectra plotted.
2026-08-31 22:16:37,732 - INFO - Combined light curve plotted.
2026-08-31 22:16:38,676 - INFO - Combined spectra plotted.
2026-08-31 22:16:38,721 - INFO - 0821722201: HR = -0.570 (-0.609, -0.534)
2026-08-31 22:16:38,721 - INFO - Hardness ratios saved to /home/cananden/Documents/python/XMM-Quasar-main/Datasets/SDSS_J212951.16_004808.8/hardness_ratios_SDSS_J212951.16_004808.8.csv
2026-08-31 22:16:38,729 - INFO - 0821722201 pn: Fvar² negative, recording as upper limit
2026-08-31 22:16:38,729 - INFO - 0821722201 pn: Fvar = 0.0000 ± 0.0249
2026-08-31 22:16:38,736 - INFO - 0821722201 mos1: Fvar² negative, recording as upper limit
2026-08-31 22:16:38,737 - INFO - 0821722201 mos1: Fvar = 0.0000 ± 0.0635
2026-08-31 22:16:38,743 - INFO - 0821722201 mos2: Fvar² negative, recording as upper limit
2026-08-31 22:16:38,743 - INFO - 0821722201 mos2: Fvar = 0.0000 ± 0.0630
2026-08-31 22:16:38,743 - INFO - Fvar saved to /home/cananden/Documents/python/XMM-Quasar-main/Datasets/SDSS_J212951.16_004808.8/fvar_SDSS_J212951.16_004808.8.csv
2026-08-31 22:16:42,056 - INFO - 0821722201 combined: Γ = 1.87 (1.81, 1.92) cstat/dof = 1054.2/1150
2026-08-31 22:16:42,447 - INFO - 0821722201 pn: Γ = 1.91 (1.84, 1.98) cstat/dof = 517.7/541
2026-08-31 22:16:43,869 - INFO - 0821722201 mos: Γ = 1.81 (1.74, 1.89) cstat/dof = 535.7/607
2026-08-31 22:16:43,897 - INFO - Spectral fits saved to /home/cananden/Documents/python/XMM-Quasar-main/Datasets/SDSS_J212951.16_004808.8/spectral_fits_SDSS_J212951.16_004808.8.csv
2026-08-31 22:16:43,898 - INFO - SDSS_J104111.45+573848.3 combined: inverted error bounds, skipping
2026-08-31 22:16:43,898 - INFO - SDSS_J170229.55+335027.2 mos: inverted error bounds, skipping
2026-08-31 22:16:43,898 - INFO - SDSS_J091718.73+283845.1 combined: inverted error bounds, skipping
2026-08-31 22:16:44,242 - INFO - Γ vs Δαox plot saved to /home/cananden/Documents/python/XMM-Quasar-main/Catalogues/Plots/gamma_vs_daox_standard.png
2026-08-31 22:16:44,617 - INFO - Γ vs counts plot saved to /home/cananden/Documents/python/XMM-Quasar-main/Catalogues/Plots/gamma_vs_counts_standard.png
2026-08-31 22:16:45,231 - INFO - Targets-on-LXLUV plot saved to /home/cananden/Documents/python/XMM-Quasar-main/Catalogues/Plots/targets_on_lxluv_standard.png
2026-08-31 22:16:45,232 - INFO - SDSS_J104111.45+573848.3 combined: inverted error bounds, skipping
2026-08-31 22:16:45,232 - INFO - SDSS_J170229.55+335027.2 mos: inverted error bounds, skipping
2026-08-31 22:16:45,232 - INFO - SDSS_J091718.73+283845.1 combined: inverted error bounds, skipping
2026-08-31 22:16:45,509 - INFO - Γ vs HR plot saved to /home/cananden/Documents/python/XMM-Quasar-main/Catalogues/Plots/gamma_vs_hr_standard.png
2026-08-31 22:16:45,761 - INFO - Γ distribution plot saved to /home/cananden/Documents/python/XMM-Quasar-main/Catalogues/Plots/gamma_distribution_standard.png
